// Jest Snapshot v1, https://goo.gl/fbAQLP

exports[`renders without crashing 1`] = `
<div
  className="splash-screen"
>
  <h1>
    TV BLAND
  </h1>
</div>
`;
