// Jest Snapshot v1, https://goo.gl/fbAQLP

exports[`renders without crashing 1`] = `
<div
  className="episode flex-column"
>
  <div
    className="image"
  >
    <a
      href="/episodes/123"
      onClick={[Function]}
    >
      <img />
    </a>
  </div>
  <div
    className="rating"
  >
    <span
      style={
        Object {
          "direction": "ltr",
          "display": "inline-block",
        }
      }
    >
      <span
        onClick={[Function]}
        onMouseMove={[Function]}
        onTouchEnd={[Function]}
        onTouchMove={[Function]}
        style={
          Object {
            "cursor": "inherit",
            "display": "inline-block",
            "position": "relative",
          }
        }
      >
        <span
          style={
            Object {
              "visibility": "hidden",
            }
          }
        >
          <span
            className="fa fa-star-o medium"
          />
        </span>
        <span
          style={
            Object {
              "display": "inline-block",
              "left": 0,
              "overflow": "hidden",
              "position": "absolute",
              "top": 0,
              "width": "100%",
            }
          }
        >
          <span
            className="fa fa-star medium"
          />
        </span>
      </span>
      <span
        onClick={[Function]}
        onMouseMove={[Function]}
        onTouchEnd={[Function]}
        onTouchMove={[Function]}
        style={
          Object {
            "cursor": "inherit",
            "display": "inline-block",
            "position": "relative",
          }
        }
      >
        <span
          style={
            Object {
              "visibility": "hidden",
            }
          }
        >
          <span
            className="fa fa-star-o medium"
          />
        </span>
        <span
          style={
            Object {
              "display": "inline-block",
              "left": 0,
              "overflow": "hidden",
              "position": "absolute",
              "top": 0,
              "width": "100%",
            }
          }
        >
          <span
            className="fa fa-star medium"
          />
        </span>
      </span>
      <span
        onClick={[Function]}
        onMouseMove={[Function]}
        onTouchEnd={[Function]}
        onTouchMove={[Function]}
        style={
          Object {
            "cursor": "inherit",
            "display": "inline-block",
            "position": "relative",
          }
        }
      >
        <span
          style={
            Object {
              "visibility": "hidden",
            }
          }
        >
          <span
            className="fa fa-star-o medium"
          />
        </span>
        <span
          style={
            Object {
              "display": "inline-block",
              "left": 0,
              "overflow": "hidden",
              "position": "absolute",
              "top": 0,
              "width": "100%",
            }
          }
        >
          <span
            className="fa fa-star medium"
          />
        </span>
      </span>
      <span
        onClick={[Function]}
        onMouseMove={[Function]}
        onTouchEnd={[Function]}
        onTouchMove={[Function]}
        style={
          Object {
            "cursor": "inherit",
            "display": "inline-block",
            "position": "relative",
          }
        }
      >
        <span
          style={Object {}}
        >
          <span
            className="fa fa-star-o medium"
          />
        </span>
        <span
          style={
            Object {
              "display": "inline-block",
              "left": 0,
              "overflow": "hidden",
              "position": "absolute",
              "top": 0,
              "width": "79.99999999999999%",
            }
          }
        >
          <span
            className="fa fa-star medium"
          />
        </span>
      </span>
      <span
        onClick={[Function]}
        onMouseMove={[Function]}
        onTouchEnd={[Function]}
        onTouchMove={[Function]}
        style={
          Object {
            "cursor": "inherit",
            "display": "inline-block",
            "position": "relative",
          }
        }
      >
        <span
          style={Object {}}
        >
          <span
            className="fa fa-star-o medium"
          />
        </span>
        <span
          style={
            Object {
              "display": "inline-block",
              "left": 0,
              "overflow": "hidden",
              "position": "absolute",
              "top": 0,
              "width": "0%",
            }
          }
        >
          <span
            className="fa fa-star medium"
          />
        </span>
      </span>
    </span>
  </div>
  <div
    className="title"
  >
    best show ever
  </div>
</div>
`;
